[12:21:54.019] [INFO] storybook v10.5.10
[12:21:54.253] [INFO] Loading main config failed as the file does not seem to be valid ESM. Trying a temporary fix, please ensure the main config is valid ESM.
[12:21:54.954] [INFO] Loading main config failed as the file does not seem to be valid ESM. Trying a temporary fix, please ensure the main config is valid ESM.
[12:21:55.309] [DEBUG] Getting package.json info for /mnt/hdd1/Development/xilistudios/lele/web/package.json...
[12:21:55.330] [ERROR] [38;2;241;97;97mSB_CORE-SERVER_0002 (CriticalPresetLoadError): Storybook failed to load the following preset: ./.storybook/main.ts.

Please check whether your setup is correct, the Storybook dependencies (and their peer dependencies) are installed correctly and there are no package version clashes.

If you believe this is a bug, please open an issue on Github.

ReferenceError: __dirname is not defined in ES module scope
    at file://./.storybook/main.ts:18:27
    at ModuleJob.run (node:internal/modules/esm/module_job:569:25)
    at async node:internal/modules/esm/loader:650:26
    at async importModule (file://./node_modules/storybook/dist/_node-chunks/chunk-JGHKZTLJ.js:740:11)
    at async loadMainConfig (file://./node_modules/storybook/dist/_node-chunks/chunk-OKMX43Z2.js:14561:12)
    at async resolveTelemetryState (file://./node_modules/storybook/dist/_node-chunks/chunk-QEFGZ2NZ.js:1864:18)
    at async withTelemetry (file://./node_modules/storybook/dist/_node-chunks/chunk-QEFGZ2NZ.js:1879:33)
    at async dev (file://./node_modules/storybook/dist/bin/core.js:3850:3)
    at async _Command.<anonymous> (file://./node_modules/storybook/dist/bin/core.js:3958:3)

More info: 
[39m
    at loadPreset (file://./node_modules/storybook/dist/_node-chunks/chunk-OKMX43Z2.js:13570:13)
    at async Promise.all (index 1)
    at async loadPresets (file://./node_modules/storybook/dist/_node-chunks/chunk-OKMX43Z2.js:13579:73)
    at async getPresets (file://./node_modules/storybook/dist/_node-chunks/chunk-OKMX43Z2.js:13610:23)
    at async buildDevStandalone (file://./node_modules/storybook/dist/core-server/index.js:11924:52)
    at async withTelemetry (file://./node_modules/storybook/dist/_node-chunks/chunk-QEFGZ2NZ.js:1889:12)
    at async dev (file://./node_modules/storybook/dist/bin/core.js:3850:3)
    at async _Command.<anonymous> (file://./node_modules/storybook/dist/bin/core.js:3958:3)
[12:21:55.338] [WARN] Broken build, fix the error above.
You may need to refresh the browser.
[12:21:55.343] [WARN]   Failed to load preset: "/mnt/hdd1/Development/xilistudios/lele/web/.storybook/main.ts"
[12:21:55.344] [ERROR] [38;2;241;97;97mReferenceError: __dirname is not defined in ES module scope[39m
    at file://./.storybook/main.ts:18:27
    at ModuleJob.run (node:internal/modules/esm/module_job:569:25)
    at async node:internal/modules/esm/loader:650:26
    at async importModule (file://./node_modules/storybook/dist/_node-chunks/chunk-JGHKZTLJ.js:740:11)
    at async loadMainConfig (file://./node_modules/storybook/dist/_node-chunks/chunk-OKMX43Z2.js:14561:12)
    at async resolveTelemetryState (file://./node_modules/storybook/dist/_node-chunks/chunk-QEFGZ2NZ.js:1864:18)
    at async withTelemetry (file://./node_modules/storybook/dist/_node-chunks/chunk-QEFGZ2NZ.js:1879:33)
    at async dev (file://./node_modules/storybook/dist/bin/core.js:3850:3)
    at async _Command.<anonymous> (file://./node_modules/storybook/dist/bin/core.js:3958:3)
[12:21:55.351] [INFO] Storybook collects completely anonymous usage telemetry. We use it to shape Storybook's roadmap and prioritize features. You can learn more, including how to opt out, at https://storybook.js.org/telemetry
[12:21:55.358] [INFO] Loading main config failed as the file does not seem to be valid ESM. Trying a temporary fix, please ensure the main config is valid ESM.
[12:21:55.386] [INFO] Loading main config failed as the file does not seem to be valid ESM. Trying a temporary fix, please ensure the main config is valid ESM.
[12:21:55.415] [INFO] Loading main config failed as the file does not seem to be valid ESM. Trying a temporary fix, please ensure the main config is valid ESM.